[     787ms] [ERROR] Failed to load resource: the server responded with a status of 500 (Internal Server Error) @ http://localhost:3000/:0
[     882ms] Error: Cannot find module '../chunks/ssr/[turbopack]_runtime.js'
Require stack:
- /Users/thom/10-19_projects/prompt-workbench/.next/server/pages/_document.js
- /Users/thom/10-19_projects/prompt-workbench/node_modules/.pnpm/next@15.5.9_@babel+core@7.28.6_@playwright+test@1.58.2_react-dom@19.2.3_react@19.2.3__react@19.2.3/node_modules/next/dist/server/require.js
- /Users/thom/10-19_projects/prompt-workbench/node_modules/.pnpm/next@15.5.9_@babel+core@7.28.6_@playwright+test@1.58.2_react-dom@19.2.3_react@19.2.3__react@19.2.3/node_modules/next/dist/server/load-components.js
- /Users/thom/10-19_projects/prompt-workbench/node_modules/.pnpm/next@15.5.9_@babel+core@7.28.6_@playwright+test@1.58.2_react-dom@19.2.3_react@19.2.3__react@19.2.3/node_modules/next/dist/build/utils.js
- /Users/thom/10-19_projects/prompt-workbench/node_modules/.pnpm/next@15.5.9_@babel+core@7.28.6_@playwright+test@1.58.2_react-dom@19.2.3_react@19.2.3__react@19.2.3/node_modules/next/dist/build/swc/options.js
- /Users/thom/10-19_projects/prompt-workbench/node_modules/.pnpm/next@15.5.9_@babel+core@7.28.6_@playwright+test@1.58.2_react-dom@19.2.3_react@19.2.3__react@19.2.3/node_modules/next/dist/build/swc/index.js
- /Users/thom/10-19_projects/prompt-workbench/node_modules/.pnpm/next@15.5.9_@babel+core@7.28.6_@playwright+test@1.58.2_react-dom@19.2.3_react@19.2.3__react@19.2.3/node_modules/next/dist/build/next-config-ts/transpile-config.js
- /Users/thom/10-19_projects/prompt-workbench/node_modules/.pnpm/next@15.5.9_@babel+core@7.28.6_@playwright+test@1.58.2_react-dom@19.2.3_react@19.2.3__react@19.2.3/node_modules/next/dist/server/config.js
- /Users/thom/10-19_projects/prompt-workbench/node_modules/.pnpm/next@15.5.9_@babel+core@7.28.6_@playwright+test@1.58.2_react-dom@19.2.3_react@19.2.3__react@19.2.3/node_modules/next/dist/server/next.js
- /Users/thom/10-19_projects/prompt-workbench/node_modules/.pnpm/next@15.5.9_@babel+core@7.28.6_@playwright+test@1.58.2_react-dom@19.2.3_react@19.2.3__react@19.2.3/node_modules/next/dist/server/lib/start-server.js
    at Module._resolveFilename (node:internal/modules/cjs/loader:1453:15)
    at <unknown> (file:///Users/thom/10-19_projects/prompt-workbench/node_modules/.pnpm/next@15.5.9_@babel+core@7.28.6_@playwright+test@1.58.2_react-dom@19.2.3_react@19.2.3__react@19.2.3/node_modules/next/dist/server/require-hook.js:57:36)
    at defaultResolveImpl (node:internal/modules/cjs/loader:1064:19)
    at resolveForCJSWithHooks (node:internal/modules/cjs/loader:1069:22)
    at Module._load (node:internal/modules/cjs/loader:1239:25)
    at wrapModuleLoad (node:internal/modules/cjs/loader:255:19)
    at Module.require (node:internal/modules/cjs/loader:1553:12)
    at mod.require (file:///Users/thom/10-19_projects/prompt-workbench/node_modules/.pnpm/next@15.5.9_@babel+core@7.28.6_@playwright+test@1.58.2_react-dom@19.2.3_react@19.2.3__react@19.2.3/node_modules/next/dist/server/require-hook.js:68:28)
    at require (node:internal/modules/helpers:152:16)
    at Object.<anonymous> (file:///Users/thom/10-19_projects/prompt-workbench/.next/server/pages/_document.js:1:7)
    at Module._compile (node:internal/modules/cjs/loader:1809:14)
    at Module._extensions..js (node:internal/modules/cjs/loader:1940:10)
    at Module.load (node:internal/modules/cjs/loader:1530:32)
    at Module._load (node:internal/modules/cjs/loader:1332:12)
    at wrapModuleLoad (node:internal/modules/cjs/loader:255:19)
    at Module.require (node:internal/modules/cjs/loader:1553:12)
    at mod.require (file:///Users/thom/10-19_projects/prompt-workbench/node_modules/.pnpm/next@15.5.9_@babel+core@7.28.6_@playwright+test@1.58.2_react-dom@19.2.3_react@19.2.3__react@19.2.3/node_modules/next/dist/server/require-hook.js:68:28)
    at require (node:internal/modules/helpers:152:16)
    at requirePage (file:///Users/thom/10-19_projects/prompt-workbench/node_modules/.pnpm/next@15.5.9_@babel+core@7.28.6_@playwright+test@1.58.2_react-dom@19.2.3_react@19.2.3__react@19.2.3/node_modules/next/dist/server/require.js:99:80)
    at loadComponentsImpl (file:///Users/thom/10-19_projects/prompt-workbench/node_modules/.pnpm/next@15.5.9_@babel+core@7.28.6_@playwright+test@1.58.2_react-dom@19.2.3_react@19.2.3__react@19.2.3/node_modules/next/dist/server/load-components.js:86:38)
    at DevServer.findPageComponentsImpl (file:///Users/thom/10-19_projects/prompt-workbench/node_modules/.pnpm/next@15.5.9_@babel+core@7.28.6_@playwright+test@1.58.2_react-dom@19.2.3_react@19.2.3__react@19.2.3/node_modules/next/dist/server/next-server.js:899:77)
    at <unknown> (file:///Users/thom/10-19_projects/prompt-workbench/node_modules/.pnpm/next@15.5.9_@babel+core@7.28.6_@playwright+test@1.58.2_react-dom@19.2.3_react@19.2.3__react@19.2.3/node_modules/next/dist/server/next-server.js:877:21)
    at <unknown> (file:///Users/thom/10-19_projects/prompt-workbench/node_modules/.pnpm/next@15.5.9_@babel+core@7.28.6_@playwright+test@1.58.2_react-dom@19.2.3_react@19.2.3__react@19.2.3/node_modules/next/dist/server/lib/trace/tracer.js:170:36)
    at NoopContextManager.with (file:///Users/thom/10-19_projects/prompt-workbench/node_modules/.pnpm/next@15.5.9_@babel+core@7.28.6_@playwright+test@1.58.2_react-dom@19.2.3_react@19.2.3__react@19.2.3/node_modules/next/dist/compiled/@opentelemetry/api/index.js:1:7062)
    at ContextAPI.with (file:///Users/thom/10-19_projects/prompt-workbench/node_modules/.pnpm/next@15.5.9_@babel+core@7.28.6_@playwright+test@1.58.2_react-dom@19.2.3_react@19.2.3__react@19.2.3/node_modules/next/dist/compiled/@opentelemetry/api/index.js:1:518)
    at NoopTracer.startActiveSpan (file:///Users/thom/10-19_projects/prompt-workbench/node_modules/.pnpm/next@15.5.9_@babel+core@7.28.6_@playwright+test@1.58.2_react-dom@19.2.3_react@19.2.3__react@19.2.3/node_modules/next/dist/compiled/@opentelemetry/api/index.js:1:18093)
    at ProxyTracer.startActiveSpan (file:///Users/thom/10-19_projects/prompt-workbench/node_modules/.pnpm/next@15.5.9_@babel+core@7.28.6_@playwright+test@1.58.2_react-dom@19.2.3_react@19.2.3__react@19.2.3/node_modules/next/dist/compiled/@opentelemetry/api/index.js:1:18854)
    at <unknown> (file:///Users/thom/10-19_projects/prompt-workbench/node_modules/.pnpm/next@15.5.9_@babel+core@7.28.6_@playwright+test@1.58.2_react-dom@19.2.3_react@19.2.3__react@19.2.3/node_modules/next/dist/server/lib/trace/tracer.js:152:103)
    at NoopContextManager.with (file:///Users/thom/10-19_projects/prompt-workbench/node_modules/.pnpm/next@15.5.9_@babel+core@7.28.6_@playwright+test@1.58.2_react-dom@19.2.3_react@19.2.3__react@19.2.3/node_modules/next/dist/compiled/@opentelemetry/api/index.js:1:7062)
    at ContextAPI.with (file:///Users/thom/10-19_projects/prompt-workbench/node_modules/.pnpm/next@15.5.9_@babel+core@7.28.6_@playwright+test@1.58.2_react-dom@19.2.3_react@19.2.3__react@19.2.3/node_modules/next/dist/compiled/@opentelemetry/api/index.js:1:518)
    at NextTracerImpl.trace (file:///Users/thom/10-19_projects/prompt-workbench/node_modules/.pnpm/next@15.5.9_@babel+core@7.28.6_@playwright+test@1.58.2_react-dom@19.2.3_react@19.2.3__react@19.2.3/node_modules/next/dist/server/lib/trace/tracer.js:152:28)
    at DevServer.findPageComponents (file:///Users/thom/10-19_projects/prompt-workbench/node_modules/.pnpm/next@15.5.9_@babel+core@7.28.6_@playwright+test@1.58.2_react-dom@19.2.3_react@19.2.3__react@19.2.3/node_modules/next/dist/server/next-server.js:872:41)
    at DevServer.findPageComponents (file:///Users/thom/10-19_projects/prompt-workbench/node_modules/.pnpm/next@15.5.9_@babel+core@7.28.6_@playwright+test@1.58.2_react-dom@19.2.3_react@19.2.3__react@19.2.3/node_modules/next/dist/server/dev/next-dev-server.js:705:28)
    at async DevServer.renderErrorToResponseImpl (file:///Users/thom/10-19_projects/prompt-workbench/node_modules/.pnpm/next@15.5.9_@babel+core@7.28.6_@playwright+test@1.58.2_react-dom@19.2.3_react@19.2.3__react@19.2.3/node_modules/next/dist/server/base-server.js:1687:26)
    at async pipe.req.req (file:///Users/thom/10-19_projects/prompt-workbench/node_modules/.pnpm/next@15.5.9_@babel+core@7.28.6_@playwright+test@1.58.2_react-dom@19.2.3_react@19.2.3__react@19.2.3/node_modules/next/dist/server/base-server.js:1610:30)
    at async DevServer.pipeImpl (file:///Users/thom/10-19_projects/prompt-workbench/node_modules/.pnpm/next@15.5.9_@babel+core@7.28.6_@playwright+test@1.58.2_react-dom@19.2.3_react@19.2.3__react@19.2.3/node_modules/next/dist/server/base-server.js:1025:25)
    at async NextNodeServer.handleCatchallRenderRequest (file:///Users/thom/10-19_projects/prompt-workbench/node_modules/.pnpm/next@15.5.9_@babel+core@7.28.6_@playwright+test@1.58.2_react-dom@19.2.3_react@19.2.3__react@19.2.3/node_modules/next/dist/server/next-server.js:408:21)
    at async DevServer.handleRequestImpl (file:///Users/thom/10-19_projects/prompt-workbench/node_modules/.pnpm/next@15.5.9_@babel+core@7.28.6_@playwright+test@1.58.2_react-dom@19.2.3_react@19.2.3__react@19.2.3/node_modules/next/dist/server/base-server.js:916:17)
    at async (file:///Users/thom/10-19_projects/prompt-workbench/node_modules/.pnpm/next@15.5.9_@babel+core@7.28.6_@playwright+test@1.58.2_react-dom@19.2.3_react@19.2.3__react@19.2.3/node_modules/next/dist/server/dev/next-dev-server.js:399:20)
    at async Span.traceAsyncFn (file:///Users/thom/10-19_projects/prompt-workbench/node_modules/.pnpm/next@15.5.9_@babel+core@7.28.6_@playwright+test@1.58.2_react-dom@19.2.3_react@19.2.3__react@19.2.3/node_modules/next/dist/trace/trace.js:157:20)
    at async DevServer.handleRequest (file:///Users/thom/10-19_projects/prompt-workbench/node_modules/.pnpm/next@15.5.9_@babel+core@7.28.6_@playwright+test@1.58.2_react-dom@19.2.3_react@19.2.3__react@19.2.3/node_modules/next/dist/server/dev/next-dev-server.js:395:24)
    at async invokeRender (file:///Users/thom/10-19_projects/prompt-workbench/node_modules/.pnpm/next@15.5.9_@babel+core@7.28.6_@playwright+test@1.58.2_react-dom@19.2.3_react@19.2.3__react@19.2.3/node_modules/next/dist/server/lib/router-server.js:240:21)
    at async handleRequest (file:///Users/thom/10-19_projects/prompt-workbench/node_modules/.pnpm/next@15.5.9_@babel+core@7.28.6_@playwright+test@1.58.2_react-dom@19.2.3_react@19.2.3__react@19.2.3/node_modules/next/dist/server/lib/router-server.js:437:24)
    at async requestHandlerImpl (file:///Users/thom/10-19_projects/prompt-workbench/node_modules/.pnpm/next@15.5.9_@babel+core@7.28.6_@playwright+test@1.58.2_react-dom@19.2.3_react@19.2.3__react@19.2.3/node_modules/next/dist/server/lib/router-server.js:485:13)
    at async Server.requestListener (file:///Users/thom/10-19_projects/prompt-workbench/node_modules/.pnpm/next@15.5.9_@babel+core@7.28.6_@playwright+test@1.58.2_react-dom@19.2.3_react@19.2.3__react@19.2.3/node_modules/next/dist/server/lib/start-server.js:226:13)
[     887ms] [ERROR] Failed to load resource: the server responded with a status of 404 (Not Found) @ http://localhost:3000/favicon.ico:0
